// Jest Snapshot v1, https://goo.gl/fbAQLP

exports[`snapshot testing LinkAddForm рендерится правильно 1`] = `"<div class=\\"form-error\\"></div><div class=\\"form-wrapper\\"><form class=\\"rjsf\\"><div class=\\"form-group field field-object\\"><fieldset id=\\"root\\"><div class=\\"form-group field field-object\\"><div class=\\"size-field\\"><div class=\\"button-block\\"><button type=\\"button\\">&#x423;&#x43A;&#x430;&#x437;&#x430;&#x442;&#x44C; &#x440;&#x430;&#x437;&#x43C;&#x435;&#x440; &#x438;&#x437;&#x43E;&#x431;&#x440;&#x430;&#x436;&#x435;&#x43D;&#x438;&#x44F;</button></div></div><div></div><div></div></div><div class=\\"form-group field field-string\\"><label class=\\"control-label\\" for=\\"root_target\\">&#x413;&#x440;&#x443;&#x43F;&#x43F;&#x430;</label><div></div><input type=\\"text\\" class=\\"form-control\\" value id=\\"root_target\\" label=\\"&#x413;&#x440;&#x443;&#x43F;&#x43F;&#x430;\\" placeholder><div></div><div></div></div><div class=\\"hidden\\"><input type=\\"hidden\\" id=\\"root_max_requests\\" value></div><div class=\\"hidden\\"><input type=\\"hidden\\" id=\\"root_expires_by\\" value></div><div class=\\"hidden\\"><input type=\\"hidden\\" id=\\"root_access\\" value></div><div class=\\"hidden\\"><input type=\\"hidden\\" id=\\"root_resource\\" value></div></fieldset><div></div><div></div></div><div class=\\"button-block\\"><div class=\\"confirmator\\"><button type=\\"submit\\" class=\\"confirmator-button\\">&#x414;&#x43E;&#x431;&#x430;&#x432;&#x438;&#x442;&#x44C;</button></div></div></form></div>"`;

exports[`snapshot testing LinkAdder рендерится правильно 1`] = `"<div class=\\"component-body\\"></div>"`;

exports[`snapshot testing LinkList рендерится правильно 1`] = `"<div class=\\"component-header\\"><h2 class=\\"component-title\\">&#x421;&#x441;&#x44B;&#x43B;&#x43A;&#x438;</h2><input type=\\"search\\" class=\\"link-filter\\" placeholder=\\"&#x424;&#x438;&#x43B;&#x44C;&#x442;&#x440;\\"></div><div class=\\"component-body\\"><div class=\\"component-body__top-section\\"><div class=\\"button-block\\"><button style=\\"float:none\\" class=\\" waves-effect hoverable waves-light btn add-button\\" type=\\"button\\"><span><i class=\\"fas fa-plus-circle\\"></i>&#x414;&#x43E;&#x431;&#x430;&#x432;&#x438;&#x442;&#x44C;</span></button><button style=\\"float:none\\" class=\\" waves-effect hoverable waves-light btn add-button\\" type=\\"button\\"><i class=\\"fas fa-copy\\"></i>&#x421;&#x43A;&#x43E;&#x43F;&#x438;&#x440;&#x43E;&#x432;&#x430;&#x442;&#x44C; &#x432; &#x431;&#x443;&#x444;&#x435;&#x440; <span class=\\"help-text\\">&lt;Ctrl&gt;+&lt;C&gt;</span></button><button style=\\"float:none\\" class=\\" waves-effect hoverable waves-light btn add-button\\" type=\\"button\\"><i class=\\"fas fa-align-justify\\"></i>&#x421;&#x43A;&#x430;&#x447;&#x430;&#x442;&#x44C; &#x441;&#x441;&#x44B;&#x43B;&#x43A;&#x438; <span class=\\"help-text\\">&lt;Ctrl&gt;+&lt;S&gt;</span></button></div><div class=\\"link-list__tabs button-block\\"><button class=\\" active\\" data-target=\\"&#x412;&#x441;&#x435;\\">&#x412;&#x441;&#x435;</button><button class></button></div><div class=\\"resource plaque warning\\"><i class=\\"fas fa-times-circle\\"></i>&#x41D;&#x435;&#x442; &#x441;&#x441;&#x44B;&#x43B;&#x43E;&#x43A;</div></div></div>"`;

exports[`snapshot testing LinkManager рендерится правильно 1`] = `"<div id=\\"notification-overlay\\"></div><div class=\\"flex-wrapper\\"><div class=\\"link-list \\"><div class=\\"component-header\\"><h2 class=\\"component-title\\">&#x421;&#x441;&#x44B;&#x43B;&#x43A;&#x438;</h2><input type=\\"search\\" class=\\"link-filter\\" placeholder=\\"&#x424;&#x438;&#x43B;&#x44C;&#x442;&#x440;\\"></div><div class=\\"component-body\\"><div class=\\"component-body__top-section\\"><div class=\\"button-block\\"><button style=\\"float:none\\" class=\\" waves-effect hoverable waves-light btn add-button\\" type=\\"button\\"><span><i class=\\"fas fa-plus-circle\\"></i>&#x414;&#x43E;&#x431;&#x430;&#x432;&#x438;&#x442;&#x44C;</span></button><button style=\\"float:none\\" class=\\" waves-effect hoverable waves-light btn add-button\\" type=\\"button\\"><i class=\\"fas fa-copy\\"></i>&#x421;&#x43A;&#x43E;&#x43F;&#x438;&#x440;&#x43E;&#x432;&#x430;&#x442;&#x44C; &#x432; &#x431;&#x443;&#x444;&#x435;&#x440; <span class=\\"help-text\\">&lt;Ctrl&gt;+&lt;C&gt;</span></button><button style=\\"float:none\\" class=\\" waves-effect hoverable waves-light btn add-button\\" type=\\"button\\"><i class=\\"fas fa-align-justify\\"></i>&#x421;&#x43A;&#x430;&#x447;&#x430;&#x442;&#x44C; &#x441;&#x441;&#x44B;&#x43B;&#x43A;&#x438; <span class=\\"help-text\\">&lt;Ctrl&gt;+&lt;S&gt;</span></button></div><div class=\\"link-list__tabs button-block\\"><button class=\\" active\\" data-target=\\"&#x412;&#x441;&#x435;\\">&#x412;&#x441;&#x435;</button></div><div class=\\"resource plaque warning\\"><i class=\\"fas fa-times-circle\\"></i>&#x41D;&#x435;&#x442; &#x441;&#x441;&#x44B;&#x43B;&#x43E;&#x43A;</div></div></div></div><div class=\\"link-adder\\"><div class=\\"component-body\\"></div></div></div>"`;

exports[`snapshot testing LinkResource рендерится правильно 1`] = `"<div class=\\"component-header component-header--subcomponent\\"><h2 class=\\"component-title\\">&#x412;&#x44B;&#x431;&#x440;&#x430;&#x43D;&#x43D;&#x44B;&#x435; &#x440;&#x435;&#x441;&#x443;&#x440;&#x441;&#x44B;</h2></div><div class=\\"component-body component-body--subcomponent\\"><div class=\\"resource plaque warning\\"><i class=\\"fas fa-times-circle left-icon\\"></i>&#x41D;&#x435; &#x432;&#x44B;&#x431;&#x440;&#x430;&#x43D; &#x440;&#x435;&#x441;&#x443;&#x440;&#x441;</div></div>"`;

exports[`snapshot testing ResourceExplorer рендерится правильно 1`] = `"<div class=\\"component-header component-header--subcomponent\\"><h2 class=\\"component-title\\">&#x41F;&#x43E;&#x438;&#x441;&#x43A; &#x440;&#x435;&#x441;&#x443;&#x440;&#x441;&#x430;</h2></div><div class=\\"resource-search-form\\"><div class=\\"form-wrapper\\"><form class=\\"rjsf\\"><div class=\\"form-group field field-object\\"><fieldset id=\\"root\\"><div class=\\"form-group field field-string\\"><label class=\\"control-label\\" for=\\"root_item_search_name\\">&#x41D;&#x430;&#x437;&#x432;&#x430;&#x43D;&#x438;&#x435; &#x442;&#x43E;&#x432;&#x430;&#x440;&#x430;</label><div></div><input type=\\"text\\" class=\\"form-control\\" value id=\\"root_item_search_name\\" label=\\"&#x41D;&#x430;&#x437;&#x432;&#x430;&#x43D;&#x438;&#x435; &#x442;&#x43E;&#x432;&#x430;&#x440;&#x430;\\" placeholder><div></div><div></div></div><div class=\\"form-group field field-string\\"><label class=\\"control-label\\" for=\\"root_item_search_parent_name\\">&#x41F;&#x430;&#x43F;&#x43A;&#x430;</label><div></div><input type=\\"text\\" class=\\"form-control\\" value id=\\"root_item_search_parent_name\\" label=\\"&#x41F;&#x430;&#x43F;&#x43A;&#x430;\\" placeholder><div></div><div></div></div><div class=\\"hidden\\"><input type=\\"hidden\\" id=\\"root_item_search_search_nested\\" value=\\"true\\"></div><div class=\\"form-group field field-string\\"><label class=\\"control-label\\" for=\\"root_item_search_code\\">&#x41A;&#x43E;&#x434; 1&#x421; &#x442;&#x43E;&#x432;&#x430;&#x440;&#x430;</label><div></div><input type=\\"text\\" class=\\"form-control\\" value id=\\"root_item_search_code\\" label=\\"&#x41A;&#x43E;&#x434; 1&#x421; &#x442;&#x43E;&#x432;&#x430;&#x440;&#x430;\\" placeholder><div></div><div></div></div><div class=\\"form-group field field-string\\"><label class=\\"control-label\\" for=\\"root_item_search_article\\">&#x410;&#x440;&#x442;&#x438;&#x43A;&#x443;&#x43B;</label><div></div><input type=\\"text\\" class=\\"form-control\\" value id=\\"root_item_search_article\\" label=\\"&#x410;&#x440;&#x442;&#x438;&#x43A;&#x443;&#x43B;\\" placeholder><div></div><div></div></div><div class=\\"hidden\\"><input type=\\"hidden\\" id=\\"root_resource_search_id\\" value></div><div class=\\"hidden\\"><input type=\\"hidden\\" id=\\"root_resource_search_preset\\" value=\\"0\\"></div><div class=\\"hidden\\"><input type=\\"hidden\\" id=\\"root_resource_search_type\\" value=\\"1\\"></div></fieldset><div></div><div></div></div><div class=\\"button-block\\"><button type=\\"submit\\"><span><i class=\\"fas fa-search\\"></i>&#x41F;&#x43E;&#x438;&#x441;&#x43A;</span></button></div></form></div></div><div class=\\"resource-search-results\\"><div class=\\"component-header component-header--subcomponent\\"><h2 class=\\"component-title\\">&#x420;&#x435;&#x437;&#x443;&#x43B;&#x44C;&#x442;&#x430;&#x442;&#x44B; &#x43F;&#x43E;&#x438;&#x441;&#x43A;&#x430;</h2></div><div class=\\"component-body component-body--subcomponent\\"><div class=\\"search-results\\">&#x41D;&#x435;&#x442; &#x440;&#x435;&#x441;&#x443;&#x440;&#x441;&#x43E;&#x432;</div></div></div>"`;

exports[`snapshot testing ResourceSearchForm рендерится правильно 1`] = `"<div class=\\"form-wrapper\\"><form class=\\"rjsf\\"><div class=\\"form-group field field-object\\"><fieldset id=\\"root\\"><div class=\\"form-group field field-string\\"><label class=\\"control-label\\" for=\\"root_item_search_name\\">&#x41D;&#x430;&#x437;&#x432;&#x430;&#x43D;&#x438;&#x435; &#x442;&#x43E;&#x432;&#x430;&#x440;&#x430;</label><div></div><input type=\\"text\\" class=\\"form-control\\" value id=\\"root_item_search_name\\" label=\\"&#x41D;&#x430;&#x437;&#x432;&#x430;&#x43D;&#x438;&#x435; &#x442;&#x43E;&#x432;&#x430;&#x440;&#x430;\\" placeholder><div></div><div></div></div><div class=\\"form-group field field-string\\"><label class=\\"control-label\\" for=\\"root_item_search_parent_name\\">&#x41F;&#x430;&#x43F;&#x43A;&#x430;</label><div></div><input type=\\"text\\" class=\\"form-control\\" value id=\\"root_item_search_parent_name\\" label=\\"&#x41F;&#x430;&#x43F;&#x43A;&#x430;\\" placeholder><div></div><div></div></div><div class=\\"hidden\\"><input type=\\"hidden\\" id=\\"root_item_search_search_nested\\" value=\\"true\\"></div><div class=\\"form-group field field-string\\"><label class=\\"control-label\\" for=\\"root_item_search_code\\">&#x41A;&#x43E;&#x434; 1&#x421; &#x442;&#x43E;&#x432;&#x430;&#x440;&#x430;</label><div></div><input type=\\"text\\" class=\\"form-control\\" value id=\\"root_item_search_code\\" label=\\"&#x41A;&#x43E;&#x434; 1&#x421; &#x442;&#x43E;&#x432;&#x430;&#x440;&#x430;\\" placeholder><div></div><div></div></div><div class=\\"form-group field field-string\\"><label class=\\"control-label\\" for=\\"root_item_search_article\\">&#x410;&#x440;&#x442;&#x438;&#x43A;&#x443;&#x43B;</label><div></div><input type=\\"text\\" class=\\"form-control\\" value id=\\"root_item_search_article\\" label=\\"&#x410;&#x440;&#x442;&#x438;&#x43A;&#x443;&#x43B;\\" placeholder><div></div><div></div></div><div class=\\"hidden\\"><input type=\\"hidden\\" id=\\"root_resource_search_id\\" value></div><div class=\\"hidden\\"><input type=\\"hidden\\" id=\\"root_resource_search_preset\\" value=\\"0\\"></div><div class=\\"hidden\\"><input type=\\"hidden\\" id=\\"root_resource_search_type\\" value=\\"1\\"></div></fieldset><div></div><div></div></div><div class=\\"button-block\\"><button type=\\"submit\\"><span><i class=\\"fas fa-search\\"></i>&#x41F;&#x43E;&#x438;&#x441;&#x43A;</span></button></div></form></div>"`;

exports[`snapshot testing ResourceSearchResults рендерится правильно 1`] = `"<div class=\\"component-header component-header--subcomponent\\"><h2 class=\\"component-title\\">&#x420;&#x435;&#x437;&#x443;&#x43B;&#x44C;&#x442;&#x430;&#x442;&#x44B; &#x43F;&#x43E;&#x438;&#x441;&#x43A;&#x430;</h2></div><div class=\\"component-body component-body--subcomponent\\"><div class=\\"search-results\\">&#x41D;&#x435;&#x442; &#x440;&#x435;&#x441;&#x443;&#x440;&#x441;&#x43E;&#x432;</div></div>"`;
