// Jest Snapshot v1, https://goo.gl/fbAQLP

exports[`snapshot testing UserEditor рендерится правильно 1`] = `"<h4>&#x41D;&#x435; &#x432;&#x44B;&#x431;&#x440;&#x430;&#x43D; &#x43F;&#x43E;&#x43B;&#x44C;&#x437;&#x43E;&#x432;&#x430;&#x442;&#x435;&#x43B;&#x44C;</h4>"`;

exports[`snapshot testing UserList рендерится правильно 1`] = `"<h4>&#x41F;&#x43E;&#x43B;&#x44C;&#x437;&#x43E;&#x432;&#x430;&#x442;&#x435;&#x43B;&#x438;</h4><button class=\\"blue-grey waves-effect hoverable waves-light btn\\" type=\\"button\\">&#x41F;&#x43E;&#x43A;&#x430;&#x437;&#x430;&#x442;&#x44C; &#x43D;&#x435;&#x430;&#x43A;&#x442;&#x438;&#x432;&#x43D;&#x44B;&#x445;</button><div class=\\"users-inactive hidden\\"></div><button class=\\"blue-grey waves-effect hoverable waves-light btn\\" type=\\"button\\"><i class=\\"fas fa-user-plus\\"></i>&#x414;&#x43E;&#x431;&#x430;&#x432;&#x438;&#x442;&#x44C;</button>"`;

exports[`snapshot testing UserManager рендерится правильно 1`] = `"<div id=\\"notification-overlay\\"></div><nav class=\\"nav-wrapper blue-grey darken-2\\"><div class=\\"brand-logo\\"><i class=\\"fas fa-camera\\"></i>PhotoBank - &#x420;&#x435;&#x434;&#x430;&#x43A;&#x442;&#x43E;&#x440; &#x43F;&#x43E;&#x43B;&#x44C;&#x437;&#x43E;&#x432;&#x430;&#x442;&#x435;&#x43B;&#x435;&#x439;</div></nav><div class=\\"user-list col s4\\"><h4>&#x41F;&#x43E;&#x43B;&#x44C;&#x437;&#x43E;&#x432;&#x430;&#x442;&#x435;&#x43B;&#x438;</h4><button class=\\"blue-grey waves-effect hoverable waves-light btn\\" type=\\"button\\">&#x41F;&#x43E;&#x43A;&#x430;&#x437;&#x430;&#x442;&#x44C; &#x43D;&#x435;&#x430;&#x43A;&#x442;&#x438;&#x432;&#x43D;&#x44B;&#x445;</button><div class=\\"users-inactive hidden\\"></div><button class=\\"blue-grey waves-effect hoverable waves-light btn\\" type=\\"button\\"><i class=\\"fas fa-user-plus\\"></i>&#x414;&#x43E;&#x431;&#x430;&#x432;&#x438;&#x442;&#x44C;</button></div><div class=\\"user-editor col s8\\"><h4>&#x41D;&#x435; &#x432;&#x44B;&#x431;&#x440;&#x430;&#x43D; &#x43F;&#x43E;&#x43B;&#x44C;&#x437;&#x43E;&#x432;&#x430;&#x442;&#x435;&#x43B;&#x44C;</h4></div>"`;
